[themescare.com/demos/peulis-v6/index.html]
[backblue.gif]
[fade.gif]
[index.html]
[themescare.com/demos/peulis-v6/assets/img/favicon/favicon-32x32.png]
[themescare.com/demos/peulis-v6/assets/css/bootstrap.css]
[themescare.com/demos/peulis-v6/assets/css/font-awesome.min.css]
[themescare.com/demos/peulis-v6/assets/flaticon/flaticon.css]
[themescare.com/demos/peulis-v6/assets/css/jquery.animatedheadline.css]
[themescare.com/demos/peulis-v6/assets/css/magnific-popup.css]
[themescare.com/demos/peulis-v6/assets/css/owl.carousel.min.css]
[themescare.com/demos/peulis-v6/assets/css/owl.theme.default.min.css]
[themescare.com/demos/peulis-v6/assets/css/animate.min.css]
[themescare.com/demos/peulis-v6/assets/css/jquery.datepicker.css]
[themescare.com/demos/peulis-v6/assets/css/nice-select.css]
[themescare.com/demos/peulis-v6/assets/css/slicknav.min.css]
[themescare.com/demos/peulis-v6/assets/css/style.css]
[themescare.com/demos/peulis-v6/assets/css/responsive.css]
[themescare.com/demos/peulis-v6/login.html]
[themescare.com/demos/peulis-v6/register.html]
[themescare.com/demos/peulis-v6/index-2.html]
[themescare.com/demos/peulis-v6/assets/img/logo.png]
[themescare.com/demos/peulis-v6/about.html]
[themescare.com/demos/peulis-v6/guides.html]
[themescare.com/demos/peulis-v6/gallery.html]
[themescare.com/demos/peulis-v6/faq.html]
[themescare.com/demos/peulis-v6/404.html]
[themescare.com/demos/peulis-v6/destination-three.html]
[themescare.com/demos/peulis-v6/destination-four.html]
[themescare.com/demos/peulis-v6/destination-single.html]
[themescare.com/demos/peulis-v6/tour-sidebar.html]
[themescare.com/demos/peulis-v6/tour-details.html]
[themescare.com/demos/peulis-v6/blog.html]
[themescare.com/demos/peulis-v6/single-blog.html]
[themescare.com/demos/peulis-v6/product.html]
[themescare.com/demos/peulis-v6/single-product.html]
[themescare.com/demos/peulis-v6/cart.html]
[themescare.com/demos/peulis-v6/checkout.html]
[themescare.com/demos/peulis-v6/contact.html]
[themescare.com/demos/peulis-v6/assets/img/cart-1.png]
[themescare.com/demos/peulis-v6/assets/img/promo-pack2.jpg]
[themescare.com/demos/peulis-v6/assets/img/promo-pack3.jpg]
[themescare.com/demos/peulis-v6/assets/img/promo-pack-4.jpg]
[themescare.com/demos/peulis-v6/assets/img/promo-pack5.jpg]
[themescare.com/demos/peulis-v6/assets/img/popular-2.jpg]
[themescare.com/demos/peulis-v6/assets/img/popular-1.jpg]
[themescare.com/demos/peulis-v6/assets/img/popular-3.jpg]
[themescare.com/demos/peulis-v6/assets/img/popular-4.jpg]
[themescare.com/demos/peulis-v6/assets/img/popular-5.jpg]
[themescare.com/demos/peulis-v6/assets/img/popular-6.jpg]
[themescare.com/demos/peulis-v6/assets/img/destination-1.jpg]
[themescare.com/demos/peulis-v6/assets/img/destination-2.jpg]
[themescare.com/demos/peulis-v6/assets/img/destination-4.jpg]
[themescare.com/demos/peulis-v6/assets/img/discount_single.png]
[themescare.com/demos/peulis-v6/assets/img/appstore.png]
[themescare.com/demos/peulis-v6/assets/img/playstore.png]
[themescare.com/demos/peulis-v6/assets/img/choose-1.png]
[themescare.com/demos/peulis-v6/assets/img/choose-2.png]
[themescare.com/demos/peulis-v6/assets/img/choose-3.png]
[themescare.com/demos/peulis-v6/assets/img/reviews-2.png]
[themescare.com/demos/peulis-v6/assets/img/reviews-1.png]
[themescare.com/demos/peulis-v6/assets/img/blog-2.jpg]
[themescare.com/demos/peulis-v6/assets/img/blog-1.jpg]
[themescare.com/demos/peulis-v6/assets/img/footer-logo.png]
[themescare.com/demos/peulis-v6/assets/img/creditcard-logo.png]
[themescare.com/demos/peulis-v6/assets/js/jquery.min.js]
[themescare.com/demos/peulis-v6/assets/js/popper.min.js]
[themescare.com/demos/peulis-v6/assets/js/bootstrap.min.js]
[themescare.com/demos/peulis-v6/assets/js/jquery.animatedheadline.min.js]
[themescare.com/demos/peulis-v6/assets/js/jquery.slicknav.min.js]
[themescare.com/demos/peulis-v6/assets/js/jquery.datepicker.min.js]
[themescare.com/demos/peulis-v6/assets/js/jquery.magnific-popup.min.js]
[themescare.com/demos/peulis-v6/assets/js/jquery.nice-select.min.js]
[themescare.com/demos/peulis-v6/assets/js/waypoints-min.js]
[themescare.com/demos/peulis-v6/index.html]
[themescare.com/demos/peulis-v6/assets/css/bootstrap.css]
[themescare.com/demos/peulis-v6/assets/js/main.js]
[themescare.com/demos/peulis-v6/assets/fonts/fontawesome-webfont3e6e3e6e.eot]
[themescare.com/demos/peulis-v6/assets/fonts/fontawesome-webfontd41dd41d.eot]
[themescare.com/demos/peulis-v6/assets/fonts/fontawesome-webfont3e6e3e6e.woff2]
[themescare.com/demos/peulis-v6/assets/fonts/fontawesome-webfont3e6e3e6e.ttf]
[themescare.com/demos/peulis-v6/assets/css/font-awesome.min.css]
[themescare.com/demos/peulis-v6/assets/fonts/fontawesome-webfont3e6e3e6e.svg]
[themescare.com/demos/peulis-v6/assets/flaticon/Flaticon.eot]
[themescare.com/demos/peulis-v6/assets/flaticon/Flaticon.woff2]
[themescare.com/demos/peulis-v6/assets/flaticon/Flaticond41d.eot]
[themescare.com/demos/peulis-v6/assets/flaticon/Flaticon.woff]
[themescare.com/demos/peulis-v6/assets/flaticon/Flaticon.ttf]
[themescare.com/demos/peulis-v6/assets/flaticon/Flaticon.svg]
[themescare.com/demos/peulis-v6/assets/flaticon/flaticon.css]
[themescare.com/demos/peulis-v6/assets/css/jquery.animatedheadline.css]
[themescare.com/demos/peulis-v6/assets/css/magnific-popup.css]
[themescare.com/demos/peulis-v6/assets/css/owl.video.play.png]
[themescare.com/demos/peulis-v6/assets/css/owl.carousel.min.css]
[themescare.com/demos/peulis-v6/assets/css/owl.theme.default.min.css]
[themescare.com/demos/peulis-v6/assets/css/animate.min.css]
[themescare.com/demos/peulis-v6/assets/css/jquery.datepicker.css]
[themescare.com/demos/peulis-v6/assets/css/nice-select.css]
[themescare.com/demos/peulis-v6/assets/css/slicknav.min.css]
[themescare.com/demos/peulis-v6/assets/img/breadcrumb_bg.jpg]
[themescare.com/demos/peulis-v6/assets/img/search-bg.jpg]
[themescare.com/demos/peulis-v6/assets/img/slider-1.jpg]
[themescare.com/demos/peulis-v6/assets/img/slider-2.jpg]
[themescare.com/demos/peulis-v6/assets/img/awesome_bg.jpg]
[themescare.com/demos/peulis-v6/assets/img/awesome_bg_2.png]
[themescare.com/demos/peulis-v6/assets/img/discount_bg.jpg]
[themescare.com/demos/peulis-v6/assets/img/footerbanner.jpg]
[themescare.com/demos/peulis-v6/assets/img/story.jpg]
[themescare.com/demos/peulis-v6/assets/img/vission.jpg]
[themescare.com/demos/peulis-v6/assets/css/style.css]
[themescare.com/demos/peulis-v6/assets/css/responsive.css]
[themescare.com/demos/peulis-v6/login.html]
[themescare.com/demos/peulis-v6/register.html]
[themescare.com/demos/peulis-v6/index-2.html]
[themescare.com/demos/peulis-v6/assets/img/signature.png]
[themescare.com/demos/peulis-v6/assets/img/about.jpg]
[themescare.com/demos/peulis-v6/about.html]
[themescare.com/demos/peulis-v6/assets/img/team-1.jpg]
[themescare.com/demos/peulis-v6/assets/img/team-3.jpg]
[themescare.com/demos/peulis-v6/assets/img/team-4.jpg]
[themescare.com/demos/peulis-v6/assets/img/team-6.jpg]
[themescare.com/demos/peulis-v6/assets/img/team-2.jpg]
[themescare.com/demos/peulis-v6/guides.html]
[themescare.com/demos/peulis-v6/assets/img/gallery.jpg]
[themescare.com/demos/peulis-v6/assets/img/gallery-2.jpg]
[themescare.com/demos/peulis-v6/assets/img/gallery-3.jpg]
[themescare.com/demos/peulis-v6/assets/img/gallery-4.jpg]
[themescare.com/demos/peulis-v6/assets/img/gallery-5.jpg]
[themescare.com/demos/peulis-v6/gallery.html]
[themescare.com/demos/peulis-v6/faq.html]
[themescare.com/demos/peulis-v6/404.html]
[themescare.com/demos/peulis-v6/assets/img/destination-5.jpg]
[themescare.com/demos/peulis-v6/assets/img/destination-6.jpg]
[themescare.com/demos/peulis-v6/assets/img/destination-7.jpg]
[themescare.com/demos/peulis-v6/destination-three.html]
[themescare.com/demos/peulis-v6/destination-four.html]
[themescare.com/demos/peulis-v6/assets/img/insta2.jpg]
[themescare.com/demos/peulis-v6/assets/img/insta3.jpg]
[themescare.com/demos/peulis-v6/assets/img/insta4.jpg]
[themescare.com/demos/peulis-v6/destination-single.html]
[themescare.com/demos/peulis-v6/tour-sidebar.html]
[themescare.com/demos/peulis-v6/assets/img/4.jpg]
[themescare.com/demos/peulis-v6/assets/img/destination.jpg]
[themescare.com/demos/peulis-v6/tour-details.html]
[themescare.com/demos/peulis-v6/assets/img/blog3.jpg]
[themescare.com/demos/peulis-v6/blog.html]
[themescare.com/demos/peulis-v6/single-blog.html]
[themescare.com/demos/peulis-v6/assets/img/product-5.jpg]
[themescare.com/demos/peulis-v6/assets/img/product-2.jpg]
[themescare.com/demos/peulis-v6/assets/img/product-3.jpg]
[themescare.com/demos/peulis-v6/assets/img/product-1.jpg]
[themescare.com/demos/peulis-v6/assets/img/product-4.jpg]
[themescare.com/demos/peulis-v6/assets/img/product-6.jpg]
[themescare.com/demos/peulis-v6/product.html]
[themescare.com/demos/peulis-v6/assets/img/product-details.jpg]
[themescare.com/demos/peulis-v6/single-product.html]
[themescare.com/demos/peulis-v6/cart.html]
[themescare.com/demos/peulis-v6/assets/img/master-card.jpg]
[themescare.com/demos/peulis-v6/assets/img/paypal.jpg]
[themescare.com/demos/peulis-v6/checkout.html]
[themescare.com/demos/peulis-v6/contact.html]
[themescare.com/demos/peulis-v6/assets/img/destination-3.jpg]
[themescare.com/demos/peulis-v6/assets/img/promo-pack1.jpg]
[themescare.com/demos/peulis-v6/assets/js/owl.carousel.min.js]
[themescare.com/demos/peulis-v6/assets/fonts/fontawesome-webfont3e6e3e6e.woff]
[themescare.com/demos/peulis-v6/assets/fonts/fontawesome-webfont3e6e3e6e.svg]
[themescare.com/demos/peulis-v6/assets/flaticon/Flaticon.svg]
[themescare.com/demos/peulis-v6/assets/js/init.html]
[themescare.com/demos/peulis-v6/assets/img/5.jpg]
[themescare.com/demos/peulis-v6/assets/img/insta.jpg]
